Cow
Rabbit
Duck
Shrimp
Pig
Goat
Crab
Deer
Bee
Sheep       edited line, not ignored
Fish
Turkey
Dove
Chicken
Horse
